qdsf
test aliasu
